
Map of Debug\ac01.sm8 from link file Debug\ac01.lkf - Thu May 02 00:56:29 2019


                               --------
                               Segments
                               --------

start 00008080 end 0000812b length   171 segment .const
start 0000815e end 000094d6 length  4984 segment .text
start 00004000 end 00004000 length     0 segment .eeprom
start 00000000 end 0000002b length    43 segment .bsct, initialized
start 00008133 end 0000815e length    43 segment .bsct, from
start 0000002b end 0000003b length    16 segment .ubsct
start 0000003b end 0000003b length     0 segment .bit
start 0000003b end 0000003b length     0 segment .share
start 00000100 end 00000100 length     0 segment .data
start 00000100 end 00000100 length     0 segment .bss
start 00000000 end 00000cfb length  3323 segment .info.
start 00000000 end 0000d917 length 55575 segment .debug
start 00008000 end 00008080 length   128 segment .const
start 0000812b end 00008133 length     8 segment .init


                               -------
                               Modules
                               -------

C:\Program Files (x86)\COSMIC\FSE_Compilers\CXSTM8\Lib\crtsi0.sm8:
start 0000815e end 000081ae length    80 section .text
start 00000100 end 00000100 length     0 section .bss
start 0000002b end 0000002b length     0 section .ubsct
start 00000000 end 00000034 length    52 section .info.

Debug\stm8s_flash.o:
start 000081ae end 0000841a length   620 section .text
start 00000000 end 00000ddf length  3551 section .debug
start 00000034 end 000000a6 length   114 section .info.

Debug\stm8s_adc1.o:
start ******** end ******** length     0 section .text *** removed ***
start 00000ddf end 000023d0 length  5617 section .debug
start 000000a6 end 00000117 length   113 section .info.

Debug\stms8s_analog.o:
start ******** end ******** length     0 section .text *** removed ***
start ******** end ******** length     0 section .bsct *** removed ***
start ******** end ******** length     0 section .ubsct *** removed ***
start 000023d0 end 0000267c length   684 section .debug
start 00000117 end 0000018b length   116 section .info.
start ******** end ******** length     0 section .const *** removed ***

Debug\stm8s_awu.o:
start ******** end ******** length     0 section .text *** removed ***
start 0000267c end 00002c3b length  1471 section .debug
start 0000018b end 000001fb length   112 section .info.
start ******** end ******** length     0 section .const *** removed ***

Debug\stm8s_exti.o:
start ******** end ******** length     0 section .text *** removed ***
start 00002c3b end 000030ca length  1167 section .debug
start 000001fb end 0000026c length   113 section .info.

Debug\stm8s_itc.o:
start ******** end ******** length     0 section .text *** removed ***
start 000030ca end 000036cd length  1539 section .debug
start 0000026c end 000002dc length   112 section .info.
start ******** end ******** length     0 section .const *** removed ***

Debug\stm8s_clk.o:
start ******** end ******** length     0 section .text *** removed ***
start 000036cd end 00004d3c length  5743 section .debug
start 000002dc end 0000034c length   112 section .info.
start ******** end ******** length     0 section .const *** removed ***

Debug\stm8s_gpio.o:
start 0000841a end 000084dc length   194 section .text
start 00004d3c end 00005767 length  2603 section .debug
start 0000034c end 000003bd length   113 section .info.

Debug\stm8s_it.o:
start 000084dc end 00008545 length   105 section .text
start 00005767 end 00005d97 length  1584 section .debug
start 000003bd end 0000042c length   111 section .info.

Debug\stm8s_tim1.o:
start ******** end ******** length     0 section .text *** removed ***
start 00005d97 end 00009d21 length 16266 section .debug
start 0000042c end 0000049d length   113 section .info.

Debug\stm8s_tim2.o:
start ******** end ******** length     0 section .text *** removed ***
start 00009d21 end 0000c035 length  8980 section .debug
start 0000049d end 0000050e length   113 section .info.

Debug\stm8s_tim4.o:
start 00008545 end 00008623 length   222 section .text
start 0000c035 end 0000cbec length  2999 section .debug
start 0000050e end 0000057f length   113 section .info.

Debug\main.o:
start 00008623 end 00008c0d length  1514 section .text
start 00000000 end 0000002b length    43 section .bsct
start 0000002b end 00000031 length     6 section .ubsct
start 0000cbec end 0000d7f1 length  3077 section .debug
start 0000057f end 000005ea length   107 section .info.
start 00008080 end 000080cd length    77 section .const

(C:\Program Files (x86)\COSMIC\FSE_Compilers\CXSTM8\Lib\libis0.sm8)sprnt.o:
start 00008c0d end 00008c21 length    20 section .text
start 000005ea end 0000065c length   114 section .info.

(C:\Program Files (x86)\COSMIC\FSE_Compilers\CXSTM8\Lib\libis0.sm8)cprint.o:
start 00008c21 end 0000914b length  1322 section .text
start 0000065c end 000006cf length   115 section .info.
start 000080cd end 00008106 length    57 section .const

(C:\Program Files (x86)\COSMIC\FSE_Compilers\CXSTM8\Lib\libis0.sm8)itob.o:
start 0000914b end 0000925b length   272 section .text
start 000006cf end 00000740 length   113 section .info.
start 00008106 end 0000812b length    37 section .const

(C:\Program Files (x86)\COSMIC\FSE_Compilers\CXSTM8\Lib\libis0.sm8)idiv0.o:
start 0000925b end 00009266 length    11 section .text
start 00000740 end 0000076d length    45 section .info.

(C:\Program Files (x86)\COSMIC\FSE_Compilers\CXSTM8\Lib\libis0.sm8)ildiv0.o:
start 00009266 end 00009281 length    27 section .text
start 0000076d end 0000079b length    46 section .info.

(C:\Program Files (x86)\COSMIC\FSE_Compilers\CXSTM8\Lib\libis0.sm8)putchr.o:
start 00009281 end 00009284 length     3 section .text
start 0000079b end 0000080e length   115 section .info.

(C:\Program Files (x86)\COSMIC\FSE_Compilers\CXSTM8\Lib\libis0.sm8)strlen0.o:
start 00009284 end 00009290 length    12 section .text
start 0000080e end 0000083d length    47 section .info.

(C:\Program Files (x86)\COSMIC\FSE_Compilers\CXSTM8\Lib\libis0.sm8)toup0.o:
start 00009290 end 0000929b length    11 section .text
start 0000083d end 0000086a length    45 section .info.

(C:\Program Files (x86)\COSMIC\FSE_Compilers\CXSTM8\Lib\libm0.sm8)bmulx.o:
start 0000929b end 000092a9 length    14 section .text
start 0000086a end 0000089a length    48 section .info.

(C:\Program Files (x86)\COSMIC\FSE_Compilers\CXSTM8\Lib\libm0.sm8)cmulx.o:
start 000092a9 end 000092bd length    20 section .text
start 0000089a end 000008ca length    48 section .info.

(C:\Program Files (x86)\COSMIC\FSE_Compilers\CXSTM8\Lib\libm0.sm8)ldiv.o:
start 000092bd end 000093a8 length   235 section .text
start 000008ca end 000008f9 length    47 section .info.

(C:\Program Files (x86)\COSMIC\FSE_Compilers\CXSTM8\Lib\libm0.sm8)imul.o:
start ******** end ******** length     0 section .text *** removed ***
start 000008f9 end 00000928 length    47 section .info.

(C:\Program Files (x86)\COSMIC\FSE_Compilers\CXSTM8\Lib\libm0.sm8)ladd.o:
start 000093a8 end 000093c0 length    24 section .text
start 00000928 end 00000957 length    47 section .info.

(C:\Program Files (x86)\COSMIC\FSE_Compilers\CXSTM8\Lib\libm0.sm8)lcmp.o:
start 000093c0 end 000093e0 length    32 section .text
start 00000957 end 00000986 length    47 section .info.

(C:\Program Files (x86)\COSMIC\FSE_Compilers\CXSTM8\Lib\libm0.sm8)lgadc.o:
start 000093e0 end 000093f0 length    16 section .text
start 00000986 end 000009b6 length    48 section .info.

(C:\Program Files (x86)\COSMIC\FSE_Compilers\CXSTM8\Lib\libm0.sm8)lgadd.o:
start 000093f0 end 00009407 length    23 section .text
start 000009b6 end 000009e6 length    48 section .info.

(C:\Program Files (x86)\COSMIC\FSE_Compilers\CXSTM8\Lib\libm0.sm8)lgneg.o:
start 00009407 end 0000941a length    19 section .text
start 000009e6 end 00000a16 length    48 section .info.

(C:\Program Files (x86)\COSMIC\FSE_Compilers\CXSTM8\Lib\libm0.sm8)lgsbc.o:
start 0000941a end 00009430 length    22 section .text
start 00000a16 end 00000a46 length    48 section .info.

(C:\Program Files (x86)\COSMIC\FSE_Compilers\CXSTM8\Lib\libm0.sm8)lneg.o:
start 00009430 end 00009445 length    21 section .text
start 00000a46 end 00000a75 length    47 section .info.

(C:\Program Files (x86)\COSMIC\FSE_Compilers\CXSTM8\Lib\libm0.sm8)lreg.o:
start 00000031 end 00000035 length     4 section .ubsct
start 00000a75 end 00000aa4 length    47 section .info.

(C:\Program Files (x86)\COSMIC\FSE_Compilers\CXSTM8\Lib\libm0.sm8)lsbc.o:
start 00009445 end 0000945c length    23 section .text
start 00000aa4 end 00000ad3 length    47 section .info.

(C:\Program Files (x86)\COSMIC\FSE_Compilers\CXSTM8\Lib\libm0.sm8)ltor.o:
start 0000945c end 0000946e length    18 section .text
start 00000ad3 end 00000b02 length    47 section .info.

(C:\Program Files (x86)\COSMIC\FSE_Compilers\CXSTM8\Lib\libm0.sm8)ludiv.o:
start ******** end ******** length     0 section .text *** removed ***
start 00000b02 end 00000b32 length    48 section .info.

(C:\Program Files (x86)\COSMIC\FSE_Compilers\CXSTM8\Lib\libm0.sm8)lzmp.o:
start 0000946e end 00009481 length    19 section .text
start 00000b32 end 00000b61 length    47 section .info.

(C:\Program Files (x86)\COSMIC\FSE_Compilers\CXSTM8\Lib\libm0.sm8)rtol.o:
start 00009481 end 00009493 length    18 section .text
start 00000b61 end 00000b90 length    47 section .info.

(C:\Program Files (x86)\COSMIC\FSE_Compilers\CXSTM8\Lib\libm0.sm8)utolx.o:
start 00009493 end 0000949a length     7 section .text
start 00000b90 end 00000bc0 length    48 section .info.

(C:\Program Files (x86)\COSMIC\FSE_Compilers\CXSTM8\Lib\libm0.sm8)umul.o:
start 0000949a end 000094d6 length    60 section .text
start 00000bc0 end 00000bef length    47 section .info.

(C:\Program Files (x86)\COSMIC\FSE_Compilers\CXSTM8\Lib\libm0.sm8)xreg.o:
start 00000035 end 00000038 length     3 section .ubsct
start 00000bef end 00000c1e length    47 section .info.

(C:\Program Files (x86)\COSMIC\FSE_Compilers\CXSTM8\Lib\libm0.sm8)yreg.o:
start 00000038 end 0000003b length     3 section .ubsct
start 00000c1e end 00000c4d length    47 section .info.

Debug\stm8_interrupt_vector.o:
start 0000d7f1 end 0000d917 length   294 section .debug
start 00000c4d end 00000cc9 length   124 section .info.
start 00008000 end 00008080 length   128 section .const


                             -----------
                             Stack usage
                             -----------

Debug\main.o:
_atualiza_display_carros               90   (2)
_atualiza_display_vagas                90   (2)
_checa_eeprom                      >    8   (2)
_checa_entradas                         8   (2)
_contagem_carros                       11   (2)
_contagem_estacionamento               17   (2)
_decrementa_buzzer                      2   (2)
_delay                                  6   (6)
_grava_eeprom                           9   (2)
_incrementa_buzzer                      2   (2)
_ioInit                                 8   (2)
_lcdInit                               15   (2)
_lcd_clear                             15   (2)
_lcd_set_line                      >   15   (2)
_lcd_write                             13   (4)
_lcd_write_nibble                       9   (4)
_lcd_write_string                      17   (4)
_main                              >   92   (2)
_mensagem_inicial_lcd                  19   (2)
_sinalizacao_buzzer                     7   (2)
_timerInit                              6   (2)

Debug\stm8s_flash.o:
_FLASH_DeInit                           2   (2)
_FLASH_EraseBlock                  >   13   (11)
_FLASH_EraseByte                        6   (6)
_FLASH_EraseOptionByte             >   13   (4)
_FLASH_GetBootSize                 >    9   (6)
_FLASH_GetFlagStatus               >    3   (3)
_FLASH_GetLowPowerMode             >    2   (2)
_FLASH_GetProgrammingTime          >    2   (2)
_FLASH_ITConfig                    >    2   (2)
_FLASH_Lock                             2   (2)
_FLASH_ProgramBlock                >   16   (14)
_FLASH_ProgramByte                      7   (7)
_FLASH_ProgramOptionByte           >   14   (5)
_FLASH_ProgramWord                 >   10   (10)
_FLASH_ReadByte                         6   (6)
_FLASH_ReadOptionByte              >    6   (6)
_FLASH_SetLowPowerMode             >    3   (3)
_FLASH_SetProgrammingTime          >    2   (2)
_FLASH_Unlock                           2   (2)
_FLASH_WaitForLastOperation             9   (7)

Debug\stm8s_gpio.o:
_GPIO_DeInit                       >    2   (2)
_GPIO_ExternalPullUpConfig         >    6   (6)
_GPIO_Init                              6   (6)
_GPIO_ReadInputData                >    2   (2)
_GPIO_ReadInputPin                      6   (6)
_GPIO_ReadOutputData               >    2   (2)
_GPIO_Write                             5   (5)
_GPIO_WriteHigh                         5   (5)
_GPIO_WriteLow                          5   (5)
_GPIO_WriteReverse                 >    5   (5)

Debug\stm8s_it.o:
f_ADC1_IRQHandler                  >    6   (6)
f_AWU_IRQHandler                   >    6   (6)
f_CLK_IRQHandler                   >    6   (6)
f_EEPROM_EEC_IRQHandler            >    6   (6)
f_EXTI_PORTA_IRQHandler            >    6   (6)
f_EXTI_PORTB_IRQHandler            >    6   (6)
f_EXTI_PORTC_IRQHandler            >    6   (6)
f_EXTI_PORTD_IRQHandler            >    6   (6)
f_EXTI_PORTE_IRQHandler            >    6   (6)
f_I2C_IRQHandler                   >    6   (6)
f_NonHandledInterrupt              >    6   (6)
f_SPI_IRQHandler                   >    6   (6)
f_TIM1_CAP_COM_IRQHandler          >    6   (6)
f_TIM1_UPD_OVF_TRG_BRK_IRQHandler  >    6   (6)
f_TIM2_CAP_COM_IRQHandler          >    6   (6)
f_TIM2_UPD_OVF_BRK_IRQHandler      >    6   (6)
f_TIM4_UPD_OVF_IRQHandler          >   14   (12)
f_TLI_IRQHandler                   >    6   (6)
f_TRAP_IRQHandler                  >    6   (6)
f_UART1_RX_IRQHandler              >    6   (6)
f_UART1_TX_IRQHandler              >    6   (6)

Debug\stm8s_tim4.o:
_TIM4_ARRPreloadConfig             >    2   (2)
_TIM4_ClearFlag                    >    2   (2)
_TIM4_ClearITPendingBit                 2   (2)
_TIM4_Cmd                               2   (2)
_TIM4_DeInit                            2   (2)
_TIM4_GenerateEvent                >    2   (2)
_TIM4_GetCounter                   >    2   (2)
_TIM4_GetFlagStatus                >    3   (3)
_TIM4_GetITStatus                  >    5   (5)
_TIM4_GetPrescaler                 >    2   (2)
_TIM4_ITConfig                          4   (4)
_TIM4_PrescalerConfig              >    2   (2)
_TIM4_SelectOnePulseMode           >    2   (2)
_TIM4_SetAutoreload                >    2   (2)
_TIM4_SetCounter                   >    2   (2)
_TIM4_TimeBaseInit                      2   (2)
_TIM4_UpdateDisableConfig          >    2   (2)
_TIM4_UpdateRequestConfig          >    2   (2)

C:\Program Files (x86:
L11__cvtup                              8   (6)
L31__putbuf                            12   (9)
L7__gnum                               20   (16)
__print                                74   (51)
__udiv                                  4   (4)
__uldiv                                 6   (6)
__itob                                 19   (15)
__ltob                                 23   (17)
_putchar                                3   (3)
_sprintf                               88   (14)
_strlen                                 2   (2)
_toupper                                2   (2)

Stack size: 106


                              ---------
                              Call tree
                              ---------
   1 > _FLASH_EraseBlock: (11)

   2 > _FLASH_EraseOptionByte: (4)
   3      + _FLASH_WaitForLastOperation: (7)
       
   4 > _FLASH_GetBootSize: (6)

   5 > _FLASH_GetFlagStatus: (3)

   6 > _FLASH_GetLowPowerMode: (2)

   7 > _FLASH_GetProgrammingTime: (2)

   8 > _FLASH_ITConfig: (2)

   9 > _FLASH_ProgramBlock: (14)

  10 > _FLASH_ProgramOptionByte: (5)
  11      + _FLASH_WaitForLastOperation --> 3
       
  12 > _FLASH_ProgramWord: (10)

  13 > _FLASH_ReadOptionByte: (6)

  14 > _FLASH_SetLowPowerMode: (3)

  15 > _FLASH_SetProgrammingTime: (2)

  16 > _GPIO_DeInit: (2)

  17 > _GPIO_ExternalPullUpConfig: (6)

  18 > _GPIO_ReadInputData: (2)

  19 > _GPIO_ReadOutputData: (2)

  20 > _GPIO_WriteReverse: (5)

  21 > _TIM4_ARRPreloadConfig: (2)

  22 > _TIM4_ClearFlag: (2)

  23 > _TIM4_GenerateEvent: (2)

  24 > _TIM4_GetCounter: (2)

  25 > _TIM4_GetFlagStatus: (3)

  26 > _TIM4_GetITStatus: (5)

  27 > _TIM4_GetPrescaler: (2)

  28 > _TIM4_PrescalerConfig: (2)

  29 > _TIM4_SelectOnePulseMode: (2)

  30 > _TIM4_SetAutoreload: (2)

  31 > _TIM4_SetCounter: (2)

  32 > _TIM4_UpdateDisableConfig: (2)

  33 > _TIM4_UpdateRequestConfig: (2)

  34 > __stext: (0)

  35 > _checa_eeprom: (2)
  36      + _FLASH_ReadByte: (6)
       
  37 > _lcd_set_line: (2)
  38      + _lcd_write: (4)
  39      |    + _lcd_write_nibble: (4)
  40      |    |    + _GPIO_Write: (5)
  41      |    |    + _GPIO_WriteHigh: (5)
  42      |    |    + _GPIO_WriteLow: (5)
          |    | 
          | 
       
  43 > _main: (2)
  44      + _FLASH_DeInit: (2)
  45      + _atualiza_display_carros: (2)
  46      |    + _lcd_write --> 38
  47      |    + _lcd_write_string: (4)
  48      |    |    + _lcd_write --> 38
          |    | 
  49      |    + _sprintf: (14)
  50      |    |    + __print: (51)
  51      |    |    |    + L11__cvtup: (6)
  52      |    |    |    |    + _toupper: (2)
          |    |    |    | 
  53      |    |    |    + L31__putbuf: (9)
  54      |    |    |    |    + _putchar: (3)
          |    |    |    | 
  55      |    |    |    + L7__gnum: (16)
  56      |    |    |    + __itob: (15)
  57      |    |    |    |    + __udiv: (4)
          |    |    |    | 
  58      |    |    |    + __ltob: (17)
  59      |    |    |    |    + __uldiv: (6)
          |    |    |    | 
  60      |    |    |    + _strlen: (2)
          |    |    | 
          |    | 
          | 
  61      + _atualiza_display_vagas: (2)
  62      |    + _lcd_write --> 38
  63      |    + _lcd_write_string --> 47
  64      |    + _sprintf --> 49
          | 
  65      + _checa_entradas: (2)
  66      |    + _GPIO_ReadInputPin: (6)
          | 
  67      + _contagem_carros: (2)
  68      |    + _decrementa_buzzer: (2)
  69      |    + _grava_eeprom: (2)
  70      |    |    + _FLASH_EraseByte: (6)
  71      |    |    + _FLASH_Lock: (2)
  72      |    |    + _FLASH_ProgramByte: (7)
  73      |    |    + _FLASH_Unlock: (2)
          |    | 
  74      |    + _incrementa_buzzer: (2)
          | 
  75      + _contagem_estacionamento: (2)
  76      |    + _lcd_clear: (2)
  77      |    |    + _lcd_write --> 38
          |    | 
          | 
  78      + _delay: (6)
  79      + _ioInit: (2)
  80      |    + _GPIO_Init: (6)
          | 
  81      + _lcdInit: (2)
  82      |    + _GPIO_WriteLow --> 42
  83      |    + _lcd_write --> 38
  84      |    + _lcd_write_nibble --> 39
          | 
  85      + _lcd_clear --> 76
  86      + _mensagem_inicial_lcd: (2)
  87      |    + _lcd_write --> 38
  88      |    + _lcd_write_string --> 47
          | 
  89      + _sinalizacao_buzzer: (2)
  90      |    + _GPIO_WriteHigh --> 41
  91      |    + _GPIO_WriteLow --> 42
          | 
  92      + _timerInit: (2)
  93      |    + _TIM4_Cmd: (2)
  94      |    + _TIM4_DeInit: (2)
  95      |    + _TIM4_ITConfig: (4)
  96      |    + _TIM4_TimeBaseInit: (2)
          | 
       
  97 > f_ADC1_IRQHandler: (6)

  98 > f_AWU_IRQHandler: (6)

  99 > f_CLK_IRQHandler: (6)

 100 > f_EEPROM_EEC_IRQHandler: (6)

 101 > f_EXTI_PORTA_IRQHandler: (6)

 102 > f_EXTI_PORTB_IRQHandler: (6)

 103 > f_EXTI_PORTC_IRQHandler: (6)

 104 > f_EXTI_PORTD_IRQHandler: (6)

 105 > f_EXTI_PORTE_IRQHandler: (6)

 106 > f_I2C_IRQHandler: (6)

 107 > f_NonHandledInterrupt: (6)

 108 > f_SPI_IRQHandler: (6)

 109 > f_TIM1_CAP_COM_IRQHandler: (6)

 110 > f_TIM1_UPD_OVF_TRG_BRK_IRQHandler: (6)

 111 > f_TIM2_CAP_COM_IRQHandler: (6)

 112 > f_TIM2_UPD_OVF_BRK_IRQHandler: (6)

 113 > f_TIM4_UPD_OVF_IRQHandler: (12)
 114      + _TIM4_ClearITPendingBit: (2)
       
 115 > f_TLI_IRQHandler: (6)

 116 > f_TRAP_IRQHandler: (6)

 117 > f_UART1_RX_IRQHandler: (6)

 118 > f_UART1_TX_IRQHandler: (6)

 119   L11__cvtup --> 51

 120   L31__putbuf --> 53

 121   L7__gnum --> 55

 122   _FLASH_DeInit --> 44

 123   _FLASH_EraseByte --> 70

 124   _FLASH_Lock --> 71

 125   _FLASH_ProgramByte --> 72

 126   _FLASH_ReadByte --> 36

 127   _FLASH_Unlock --> 73

 128   _FLASH_WaitForLastOperation --> 3

 129   _GPIO_Init --> 80

 130   _GPIO_ReadInputPin --> 66

 131   _GPIO_Write --> 40

 132   _GPIO_WriteHigh --> 41

 133   _GPIO_WriteLow --> 42

 134   _TIM4_ClearITPendingBit --> 114

 135   _TIM4_Cmd --> 93

 136   _TIM4_DeInit --> 94

 137   _TIM4_ITConfig --> 95

 138   _TIM4_TimeBaseInit --> 96

 139   __itob --> 56

 140   __ltob --> 58

 141   __print --> 50

 142   __udiv --> 57

 143   __uldiv --> 59

 144   _atualiza_display_carros --> 45

 145   _atualiza_display_vagas --> 61

 146   _checa_entradas --> 65

 147   _contagem_carros --> 67

 148   _contagem_estacionamento --> 75

 149   _decrementa_buzzer --> 68

 150   _delay --> 78

 151   _grava_eeprom --> 69

 152   _incrementa_buzzer --> 74

 153   _ioInit --> 79

 154   _lcdInit --> 81

 155   _lcd_clear --> 76

 156   _lcd_write --> 38

 157   _lcd_write_nibble --> 39

 158   _lcd_write_string --> 47

 159   _mensagem_inicial_lcd --> 86

 160   _putchar --> 54

 161   _sinalizacao_buzzer --> 89

 162   _sprintf --> 49

 163   _strlen --> 60

 164   _timerInit --> 92

 165   _toupper --> 52



                               -------
                               Symbols
                               -------

_ADC1_AWDChannelConfig              ********   *** removed from Debug\stm8s_adc1.o ***
_ADC1_ClearFlag                     ********   *** removed from Debug\stm8s_adc1.o ***
_ADC1_ClearITPendingBit             ********   *** removed from Debug\stm8s_adc1.o ***
_ADC1_Cmd                           ********   *** removed from Debug\stm8s_adc1.o ***
_ADC1_ConversionConfig              ********   *** removed from Debug\stm8s_adc1.o ***
_ADC1_DataBufferCmd                 ********   *** removed from Debug\stm8s_adc1.o ***
_ADC1_DeInit                        ********   *** removed from Debug\stm8s_adc1.o ***
_ADC1_Enable                        ********   *** removed from Debug\stms8s_analog.o ***
_ADC1_ExternalTriggerConfig         ********   *** removed from Debug\stm8s_adc1.o ***
_ADC1_GetAWDChannelStatus           ********   *** removed from Debug\stm8s_adc1.o ***
_ADC1_GetBufferValue                ********   *** removed from Debug\stm8s_adc1.o ***
_ADC1_GetConversionValue            ********   *** removed from Debug\stm8s_adc1.o ***
_ADC1_GetFlagStatus                 ********   *** removed from Debug\stm8s_adc1.o ***
_ADC1_GetITStatus                   ********   *** removed from Debug\stm8s_adc1.o ***
_ADC1_ITConfig                      ********   *** removed from Debug\stm8s_adc1.o ***
_ADC1_Init                          ********   *** removed from Debug\stm8s_adc1.o ***
_ADC1_PrescalerConfig               ********   *** removed from Debug\stm8s_adc1.o ***
_ADC1_ScanModeCmd                   ********   *** removed from Debug\stm8s_adc1.o ***
_ADC1_SchmittTriggerConfig          ********   *** removed from Debug\stm8s_adc1.o ***
_ADC1_SetHighThreshold              ********   *** removed from Debug\stm8s_adc1.o ***
_ADC1_SetLowThreshold               ********   *** removed from Debug\stm8s_adc1.o ***
_ADC1_StartConversion               ********   *** removed from Debug\stm8s_adc1.o ***
_APR_Array                          ********   *** removed from Debug\stm8s_awu.o ***
_AWU_Cmd                            ********   *** removed from Debug\stm8s_awu.o ***
_AWU_DeInit                         ********   *** removed from Debug\stm8s_awu.o ***
_AWU_GetFlagStatus                  ********   *** removed from Debug\stm8s_awu.o ***
_AWU_IdleModeEnable                 ********   *** removed from Debug\stm8s_awu.o ***
_AWU_Init                           ********   *** removed from Debug\stm8s_awu.o ***
_AWU_LSICalibrationConfig           ********   *** removed from Debug\stm8s_awu.o ***
_CLKPrescTable                      ********   *** removed from Debug\stm8s_clk.o ***
_CLK_AdjustHSICalibrationValue      ********   *** removed from Debug\stm8s_clk.o ***
_CLK_CCOCmd                         ********   *** removed from Debug\stm8s_clk.o ***
_CLK_CCOConfig                      ********   *** removed from Debug\stm8s_clk.o ***
_CLK_ClearITPendingBit              ********   *** removed from Debug\stm8s_clk.o ***
_CLK_ClockSecuritySystemEnable      ********   *** removed from Debug\stm8s_clk.o ***
_CLK_ClockSwitchCmd                 ********   *** removed from Debug\stm8s_clk.o ***
_CLK_ClockSwitchConfig              ********   *** removed from Debug\stm8s_clk.o ***
_CLK_DeInit                         ********   *** removed from Debug\stm8s_clk.o ***
_CLK_FastHaltWakeUpCmd              ********   *** removed from Debug\stm8s_clk.o ***
_CLK_GetClockFreq                   ********   *** removed from Debug\stm8s_clk.o ***
_CLK_GetFlagStatus                  ********   *** removed from Debug\stm8s_clk.o ***
_CLK_GetITStatus                    ********   *** removed from Debug\stm8s_clk.o ***
_CLK_GetSYSCLKSource                ********   *** removed from Debug\stm8s_clk.o ***
_CLK_HSECmd                         ********   *** removed from Debug\stm8s_clk.o ***
_CLK_HSICmd                         ********   *** removed from Debug\stm8s_clk.o ***
_CLK_HSIPrescalerConfig             ********   *** removed from Debug\stm8s_clk.o ***
_CLK_ITConfig                       ********   *** removed from Debug\stm8s_clk.o ***
_CLK_LSICmd                         ********   *** removed from Debug\stm8s_clk.o ***
_CLK_PeripheralClockConfig          ********   *** removed from Debug\stm8s_clk.o ***
_CLK_SWIMConfig                     ********   *** removed from Debug\stm8s_clk.o ***
_CLK_SYSCLKConfig                   ********   *** removed from Debug\stm8s_clk.o ***
_CLK_SYSCLKEmergencyClear           ********   *** removed from Debug\stm8s_clk.o ***
_CLK_SlowActiveHaltWakeUpCmd        ********   *** removed from Debug\stm8s_clk.o ***
_EXTI_DeInit                        ********   *** removed from Debug\stm8s_exti.o ***
_EXTI_GetExtIntSensitivity          ********   *** removed from Debug\stm8s_exti.o ***
_EXTI_GetTLISensitivity             ********   *** removed from Debug\stm8s_exti.o ***
_EXTI_SetExtIntSensitivity          ********   *** removed from Debug\stm8s_exti.o ***
_EXTI_SetTLISensitivity             ********   *** removed from Debug\stm8s_exti.o ***
_FLASH_DeInit                       000081cc   defined in Debug\stm8s_flash.o section .text
                                               used in Debug\main.o
_FLASH_EraseBlock                   0000836a   defined in Debug\stm8s_flash.o section .text
_FLASH_EraseByte                    000081f2   defined in Debug\stm8s_flash.o section .text
                                               used in Debug\main.o
_FLASH_EraseOptionByte              00008250   defined in Debug\stm8s_flash.o section .text
_FLASH_GetBootSize                  000082e1   defined in Debug\stm8s_flash.o section .text
_FLASH_GetFlagStatus                00008318   defined in Debug\stm8s_flash.o section .text
_FLASH_GetLowPowerMode              000082d5   defined in Debug\stm8s_flash.o section .text
_FLASH_GetProgrammingTime           000082db   defined in Debug\stm8s_flash.o section .text
_FLASH_ITConfig                     000081e4   defined in Debug\stm8s_flash.o section .text
_FLASH_Lock                         000081c5   defined in Debug\stm8s_flash.o section .text
                                               used in Debug\main.o
_FLASH_ProgramBlock                 000083b7   defined in Debug\stm8s_flash.o section .text
_FLASH_ProgramByte                  000081f6   defined in Debug\stm8s_flash.o section .text
                                               used in Debug\main.o
_FLASH_ProgramOptionByte            00008220   defined in Debug\stm8s_flash.o section .text
_FLASH_ProgramWord                  00008200   defined in Debug\stm8s_flash.o section .text
_FLASH_ReadByte                     000081fc   defined in Debug\stm8s_flash.o section .text
                                               used in Debug\main.o
_FLASH_ReadOptionByte               00008279   defined in Debug\stm8s_flash.o section .text
_FLASH_SetLowPowerMode              000082b7   defined in Debug\stm8s_flash.o section .text
_FLASH_SetProgrammingTime           000082ca   defined in Debug\stm8s_flash.o section .text
_FLASH_Unlock                       000081ae   defined in Debug\stm8s_flash.o section .text
                                               used in Debug\main.o
_FLASH_WaitForLastOperation         0000832b   defined in Debug\stm8s_flash.o section .text
_GPIO_DeInit                        0000841a   defined in Debug\stm8s_gpio.o section .text
_GPIO_ExternalPullUpConfig          000084c4   defined in Debug\stm8s_gpio.o section .text
_GPIO_Init                          00008422   defined in Debug\stm8s_gpio.o section .text
                                               used in Debug\main.o
_GPIO_ReadInputData                 000084aa   defined in Debug\stm8s_gpio.o section .text
_GPIO_ReadInputPin                  000084ad   defined in Debug\stm8s_gpio.o section .text
                                               used in Debug\main.o
_GPIO_ReadOutputData                000084a8   defined in Debug\stm8s_gpio.o section .text
_GPIO_Write                         0000848a   defined in Debug\stm8s_gpio.o section .text
                                               used in Debug\main.o
_GPIO_WriteHigh                     00008492   defined in Debug\stm8s_gpio.o section .text
                                               used in Debug\main.o
_GPIO_WriteLow                      00008499   defined in Debug\stm8s_gpio.o section .text
                                               used in Debug\main.o
_GPIO_WriteReverse                  000084a1   defined in Debug\stm8s_gpio.o section .text
_HSIDivFactor                       ********   *** removed from Debug\stm8s_clk.o ***
_ITC_DeInit                         ********   *** removed from Debug\stm8s_itc.o ***
_ITC_GetCPUCC                       ********   *** removed from Debug\stm8s_itc.o ***
_ITC_GetSoftIntStatus               ********   *** removed from Debug\stm8s_itc.o ***
_ITC_GetSoftwarePriority            ********   *** removed from Debug\stm8s_itc.o ***
_ITC_SetSoftwarePriority            ********   *** removed from Debug\stm8s_itc.o ***
_TBR_Array                          ********   *** removed from Debug\stm8s_awu.o ***
_TIM1_ARRPreloadConfig              ********   *** removed from Debug\stm8s_tim1.o ***
_TIM1_BDTRConfig                    ********   *** removed from Debug\stm8s_tim1.o ***
_TIM1_CCPreloadControl              ********   *** removed from Debug\stm8s_tim1.o ***
_TIM1_CCxCmd                        ********   *** removed from Debug\stm8s_tim1.o ***
_TIM1_CCxNCmd                       ********   *** removed from Debug\stm8s_tim1.o ***
_TIM1_ClearFlag                     ********   *** removed from Debug\stm8s_tim1.o ***
_TIM1_ClearITPendingBit             ********   *** removed from Debug\stm8s_tim1.o ***
_TIM1_Cmd                           ********   *** removed from Debug\stm8s_tim1.o ***
_TIM1_CounterModeConfig             ********   *** removed from Debug\stm8s_tim1.o ***
_TIM1_CtrlPWMOutputs                ********   *** removed from Debug\stm8s_tim1.o ***
_TIM1_DeInit                        ********   *** removed from Debug\stm8s_tim1.o ***
_TIM1_ETRClockMode1Config           ********   *** removed from Debug\stm8s_tim1.o ***
_TIM1_ETRClockMode2Config           ********   *** removed from Debug\stm8s_tim1.o ***
_TIM1_ETRConfig                     ********   *** removed from Debug\stm8s_tim1.o ***
_TIM1_EncoderInterfaceConfig        ********   *** removed from Debug\stm8s_tim1.o ***
_TIM1_ForcedOC1Config               ********   *** removed from Debug\stm8s_tim1.o ***
_TIM1_ForcedOC2Config               ********   *** removed from Debug\stm8s_tim1.o ***
_TIM1_ForcedOC3Config               ********   *** removed from Debug\stm8s_tim1.o ***
_TIM1_ForcedOC4Config               ********   *** removed from Debug\stm8s_tim1.o ***
_TIM1_GenerateEvent                 ********   *** removed from Debug\stm8s_tim1.o ***
_TIM1_GetCapture1                   ********   *** removed from Debug\stm8s_tim1.o ***
_TIM1_GetCapture2                   ********   *** removed from Debug\stm8s_tim1.o ***
_TIM1_GetCapture3                   ********   *** removed from Debug\stm8s_tim1.o ***
_TIM1_GetCapture4                   ********   *** removed from Debug\stm8s_tim1.o ***
_TIM1_GetCounter                    ********   *** removed from Debug\stm8s_tim1.o ***
_TIM1_GetFlagStatus                 ********   *** removed from Debug\stm8s_tim1.o ***
_TIM1_GetITStatus                   ********   *** removed from Debug\stm8s_tim1.o ***
_TIM1_GetPrescaler                  ********   *** removed from Debug\stm8s_tim1.o ***
_TIM1_ICInit                        ********   *** removed from Debug\stm8s_tim1.o ***
_TIM1_ITConfig                      ********   *** removed from Debug\stm8s_tim1.o ***
_TIM1_InternalClockConfig           ********   *** removed from Debug\stm8s_tim1.o ***
_TIM1_OC1FastConfig                 ********   *** removed from Debug\stm8s_tim1.o ***
_TIM1_OC1Init                       ********   *** removed from Debug\stm8s_tim1.o ***
_TIM1_OC1NPolarityConfig            ********   *** removed from Debug\stm8s_tim1.o ***
_TIM1_OC1PolarityConfig             ********   *** removed from Debug\stm8s_tim1.o ***
_TIM1_OC1PreloadConfig              ********   *** removed from Debug\stm8s_tim1.o ***
_TIM1_OC2FastConfig                 ********   *** removed from Debug\stm8s_tim1.o ***
_TIM1_OC2Init                       ********   *** removed from Debug\stm8s_tim1.o ***
_TIM1_OC2NPolarityConfig            ********   *** removed from Debug\stm8s_tim1.o ***
_TIM1_OC2PolarityConfig             ********   *** removed from Debug\stm8s_tim1.o ***
_TIM1_OC2PreloadConfig              ********   *** removed from Debug\stm8s_tim1.o ***
_TIM1_OC3FastConfig                 ********   *** removed from Debug\stm8s_tim1.o ***
_TIM1_OC3Init                       ********   *** removed from Debug\stm8s_tim1.o ***
_TIM1_OC3NPolarityConfig            ********   *** removed from Debug\stm8s_tim1.o ***
_TIM1_OC3PolarityConfig             ********   *** removed from Debug\stm8s_tim1.o ***
_TIM1_OC3PreloadConfig              ********   *** removed from Debug\stm8s_tim1.o ***
_TIM1_OC4FastConfig                 ********   *** removed from Debug\stm8s_tim1.o ***
_TIM1_OC4Init                       ********   *** removed from Debug\stm8s_tim1.o ***
_TIM1_OC4PolarityConfig             ********   *** removed from Debug\stm8s_tim1.o ***
_TIM1_OC4PreloadConfig              ********   *** removed from Debug\stm8s_tim1.o ***
_TIM1_PWMIConfig                    ********   *** removed from Debug\stm8s_tim1.o ***
_TIM1_PrescalerConfig               ********   *** removed from Debug\stm8s_tim1.o ***
_TIM1_SelectCOM                     ********   *** removed from Debug\stm8s_tim1.o ***
_TIM1_SelectHallSensor              ********   *** removed from Debug\stm8s_tim1.o ***
_TIM1_SelectInputTrigger            ********   *** removed from Debug\stm8s_tim1.o ***
_TIM1_SelectMasterSlaveMode         ********   *** removed from Debug\stm8s_tim1.o ***
_TIM1_SelectOCxM                    ********   *** removed from Debug\stm8s_tim1.o ***
_TIM1_SelectOnePulseMode            ********   *** removed from Debug\stm8s_tim1.o ***
_TIM1_SelectOutputTrigger           ********   *** removed from Debug\stm8s_tim1.o ***
_TIM1_SelectSlaveMode               ********   *** removed from Debug\stm8s_tim1.o ***
_TIM1_SetAutoreload                 ********   *** removed from Debug\stm8s_tim1.o ***
_TIM1_SetCompare1                   ********   *** removed from Debug\stm8s_tim1.o ***
_TIM1_SetCompare2                   ********   *** removed from Debug\stm8s_tim1.o ***
_TIM1_SetCompare3                   ********   *** removed from Debug\stm8s_tim1.o ***
_TIM1_SetCompare4                   ********   *** removed from Debug\stm8s_tim1.o ***
_TIM1_SetCounter                    ********   *** removed from Debug\stm8s_tim1.o ***
_TIM1_SetIC1Prescaler               ********   *** removed from Debug\stm8s_tim1.o ***
_TIM1_SetIC2Prescaler               ********   *** removed from Debug\stm8s_tim1.o ***
_TIM1_SetIC3Prescaler               ********   *** removed from Debug\stm8s_tim1.o ***
_TIM1_SetIC4Prescaler               ********   *** removed from Debug\stm8s_tim1.o ***
_TIM1_TIxExternalClockConfig        ********   *** removed from Debug\stm8s_tim1.o ***
_TIM1_TimeBaseInit                  ********   *** removed from Debug\stm8s_tim1.o ***
_TIM1_UpdateDisableConfig           ********   *** removed from Debug\stm8s_tim1.o ***
_TIM1_UpdateRequestConfig           ********   *** removed from Debug\stm8s_tim1.o ***
_TIM2_ARRPreloadConfig              ********   *** removed from Debug\stm8s_tim2.o ***
_TIM2_CCxCmd                        ********   *** removed from Debug\stm8s_tim2.o ***
_TIM2_ClearFlag                     ********   *** removed from Debug\stm8s_tim2.o ***
_TIM2_ClearITPendingBit             ********   *** removed from Debug\stm8s_tim2.o ***
_TIM2_Cmd                           ********   *** removed from Debug\stm8s_tim2.o ***
_TIM2_DeInit                        ********   *** removed from Debug\stm8s_tim2.o ***
_TIM2_ForcedOC1Config               ********   *** removed from Debug\stm8s_tim2.o ***
_TIM2_ForcedOC2Config               ********   *** removed from Debug\stm8s_tim2.o ***
_TIM2_ForcedOC3Config               ********   *** removed from Debug\stm8s_tim2.o ***
_TIM2_GenerateEvent                 ********   *** removed from Debug\stm8s_tim2.o ***
_TIM2_GetCapture1                   ********   *** removed from Debug\stm8s_tim2.o ***
_TIM2_GetCapture2                   ********   *** removed from Debug\stm8s_tim2.o ***
_TIM2_GetCapture3                   ********   *** removed from Debug\stm8s_tim2.o ***
_TIM2_GetCounter                    ********   *** removed from Debug\stm8s_tim2.o ***
_TIM2_GetFlagStatus                 ********   *** removed from Debug\stm8s_tim2.o ***
_TIM2_GetITStatus                   ********   *** removed from Debug\stm8s_tim2.o ***
_TIM2_GetPrescaler                  ********   *** removed from Debug\stm8s_tim2.o ***
_TIM2_ICInit                        ********   *** removed from Debug\stm8s_tim2.o ***
_TIM2_ITConfig                      ********   *** removed from Debug\stm8s_tim2.o ***
_TIM2_OC1Init                       ********   *** removed from Debug\stm8s_tim2.o ***
_TIM2_OC1PolarityConfig             ********   *** removed from Debug\stm8s_tim2.o ***
_TIM2_OC1PreloadConfig              ********   *** removed from Debug\stm8s_tim2.o ***
_TIM2_OC2Init                       ********   *** removed from Debug\stm8s_tim2.o ***
_TIM2_OC2PolarityConfig             ********   *** removed from Debug\stm8s_tim2.o ***
_TIM2_OC2PreloadConfig              ********   *** removed from Debug\stm8s_tim2.o ***
_TIM2_OC3Init                       ********   *** removed from Debug\stm8s_tim2.o ***
_TIM2_OC3PolarityConfig             ********   *** removed from Debug\stm8s_tim2.o ***
_TIM2_OC3PreloadConfig              ********   *** removed from Debug\stm8s_tim2.o ***
_TIM2_PWMIConfig                    ********   *** removed from Debug\stm8s_tim2.o ***
_TIM2_PrescalerConfig               ********   *** removed from Debug\stm8s_tim2.o ***
_TIM2_SelectOCxM                    ********   *** removed from Debug\stm8s_tim2.o ***
_TIM2_SelectOnePulseMode            ********   *** removed from Debug\stm8s_tim2.o ***
_TIM2_SetAutoreload                 ********   *** removed from Debug\stm8s_tim2.o ***
_TIM2_SetCompare1                   ********   *** removed from Debug\stm8s_tim2.o ***
_TIM2_SetCompare2                   ********   *** removed from Debug\stm8s_tim2.o ***
_TIM2_SetCompare3                   ********   *** removed from Debug\stm8s_tim2.o ***
_TIM2_SetCounter                    ********   *** removed from Debug\stm8s_tim2.o ***
_TIM2_SetIC1Prescaler               ********   *** removed from Debug\stm8s_tim2.o ***
_TIM2_SetIC2Prescaler               ********   *** removed from Debug\stm8s_tim2.o ***
_TIM2_SetIC3Prescaler               ********   *** removed from Debug\stm8s_tim2.o ***
_TIM2_TimeBaseInit                  ********   *** removed from Debug\stm8s_tim2.o ***
_TIM2_UpdateDisableConfig           ********   *** removed from Debug\stm8s_tim2.o ***
_TIM2_UpdateRequestConfig           ********   *** removed from Debug\stm8s_tim2.o ***
_TIM4_ARRPreloadConfig              000085c1   defined in Debug\stm8s_tim4.o section .text
_TIM4_ClearFlag                     000085f6   defined in Debug\stm8s_tim4.o section .text
_TIM4_ClearITPendingBit             0000861e   defined in Debug\stm8s_tim4.o section .text
                                               used in Debug\stm8s_it.o
_TIM4_Cmd                           00008567   defined in Debug\stm8s_tim4.o section .text
                                               used in Debug\main.o
_TIM4_DeInit                        00008545   defined in Debug\stm8s_tim4.o section .text
                                               used in Debug\main.o
_TIM4_GenerateEvent                 000085cf   defined in Debug\stm8s_tim4.o section .text
_TIM4_GetCounter                    000085db   defined in Debug\stm8s_tim4.o section .text
_TIM4_GetFlagStatus                 000085e3   defined in Debug\stm8s_tim4.o section .text
_TIM4_GetITStatus                   000085fb   defined in Debug\stm8s_tim4.o section .text
_TIM4_GetPrescaler                  000085df   defined in Debug\stm8s_tim4.o section .text
_TIM4_ITConfig                      00008575   defined in Debug\stm8s_tim4.o section .text
                                               used in Debug\main.o
_TIM4_PrescalerConfig               000085b8   defined in Debug\stm8s_tim4.o section .text
_TIM4_SelectOnePulseMode            000085aa   defined in Debug\stm8s_tim4.o section .text
_TIM4_SetAutoreload                 000085d7   defined in Debug\stm8s_tim4.o section .text
_TIM4_SetCounter                    000085d3   defined in Debug\stm8s_tim4.o section .text
_TIM4_TimeBaseInit                  0000855e   defined in Debug\stm8s_tim4.o section .text
                                               used in Debug\main.o
_TIM4_UpdateDisableConfig           0000858e   defined in Debug\stm8s_tim4.o section .text
_TIM4_UpdateRequestConfig           0000859c   defined in Debug\stm8s_tim4.o section .text
__endmem                            000001ff   defined in command file
                                               *** not used ***
__endzp                             0000003b   defined in command file section .ubsct
                                               used in C:\Program Files (x86)\COSMIC\FSE_Compilers\CXSTM8\Lib\crtsi0.sm8
__idesc__                           0000812b   defined in linker section .init
                                               used in C:\Program Files (x86)\COSMIC\FSE_Compilers\CXSTM8\Lib\crtsi0.sm8
__itob                              0000914b   defined in (C:\Program Files (x86)\COSMIC\FSE_Compilers\CXSTM8\Lib\libis0.sm8)itob.o section .text
                                               used in (C:\Program Files (x86)\COSMIC\FSE_Compilers\CXSTM8\Lib\libis0.sm8)cprint.o
__ltob                              000091c5   defined in (C:\Program Files (x86)\COSMIC\FSE_Compilers\CXSTM8\Lib\libis0.sm8)itob.o section .text
                                               used in (C:\Program Files (x86)\COSMIC\FSE_Compilers\CXSTM8\Lib\libis0.sm8)cprint.o
__memory                            00000100   defined in command file section .bss
                                               used in C:\Program Files (x86)\COSMIC\FSE_Compilers\CXSTM8\Lib\crtsi0.sm8
__print                             00008d18   defined in (C:\Program Files (x86)\COSMIC\FSE_Compilers\CXSTM8\Lib\libis0.sm8)cprint.o section .text
                                               used in (C:\Program Files (x86)\COSMIC\FSE_Compilers\CXSTM8\Lib\libis0.sm8)sprnt.o
__stack                             000003ff   defined in command file
                                               used in C:\Program Files (x86)\COSMIC\FSE_Compilers\CXSTM8\Lib\crtsi0.sm8
__startmem                          00000100   defined in command file section .bss
                                               *** not used ***
__stext                             0000815e   defined in C:\Program Files (x86)\COSMIC\FSE_Compilers\CXSTM8\Lib\crtsi0.sm8 section .text
                                               used in Debug\stm8_interrupt_vector.o
__udiv                              0000925b   defined in (C:\Program Files (x86)\COSMIC\FSE_Compilers\CXSTM8\Lib\libis0.sm8)idiv0.o section .text
                                               used in (C:\Program Files (x86)\COSMIC\FSE_Compilers\CXSTM8\Lib\libis0.sm8)itob.o
__uldiv                             00009266   defined in (C:\Program Files (x86)\COSMIC\FSE_Compilers\CXSTM8\Lib\libis0.sm8)ildiv0.o section .text
                                               used in (C:\Program Files (x86)\COSMIC\FSE_Compilers\CXSTM8\Lib\libis0.sm8)itob.o
__vectab                            00008000   defined in Debug\stm8_interrupt_vector.o section .const
_adcValue                           ********   *** removed from Debug\stms8s_analog.o ***
_analogRun                          ********   *** removed from Debug\stms8s_analog.o ***
_analogSetBuffer                    ********   *** removed from Debug\stms8s_analog.o ***
_analog_buffer                      ********   *** removed from Debug\stms8s_analog.o ***
_analog_buffer_reset                ********   *** removed from Debug\stms8s_analog.o ***
_atualiza_display_carros            00008655   defined in Debug\main.o section .text
_atualiza_display_vagas             000086a3   defined in Debug\main.o section .text
_bt_confirma                        00000025   defined in Debug\main.o section .bsct, initialized
_bt_decremento                      00000023   defined in Debug\main.o section .bsct, initialized
_bt_incremento                      00000021   defined in Debug\main.o section .bsct, initialized
_buf_carros                         0000002e   defined in Debug\main.o section .ubsct
_buf_vagas                          0000002b   defined in Debug\main.o section .ubsct
_buzzer_decremento                  0000002a   defined in Debug\main.o section .bsct, initialized
_buzzer_incremento                  00000029   defined in Debug\main.o section .bsct, initialized
_carros                             00000001   defined in Debug\main.o section .bsct, initialized
_channel                            ********   *** removed from Debug\stms8s_analog.o ***
_checa_eeprom                       000087d7   defined in Debug\main.o section .text
_checa_entradas                     0000898c   defined in Debug\main.o section .text
_contador_buzzer                    00000013   defined in Debug\main.o section .bsct, initialized
                                               used in Debug\stm8s_it.o
_contador_debounce_bt_confirma      0000000f   defined in Debug\main.o section .bsct, initialized
                                               used in Debug\stm8s_it.o
_contador_debounce_bt_decremento    0000000d   defined in Debug\main.o section .bsct, initialized
                                               used in Debug\stm8s_it.o
_contador_debounce_bt_incremento    0000000b   defined in Debug\main.o section .bsct, initialized
                                               used in Debug\stm8s_it.o
_contador_debounce_sensor_entrada   00000007   defined in Debug\main.o section .bsct, initialized
                                               used in Debug\stm8s_it.o
_contador_debounce_sensor_saida     00000009   defined in Debug\main.o section .bsct, initialized
                                               used in Debug\stm8s_it.o
_contador_delay                     00000011   defined in Debug\main.o section .bsct, initialized
                                               used in Debug\stm8s_it.o
_contagem_carros                    00008953   defined in Debug\main.o section .text
_contagem_estacionamento            00008706   defined in Debug\main.o section .text
_controle                           00000000   defined in Debug\main.o section .bsct, initialized
_controle_buzzer                    00000003   defined in Debug\main.o section .bsct, initialized
_dataStatus                         ********   *** removed from Debug\stms8s_analog.o ***
_decrementa_buzzer                  00008783   defined in Debug\main.o section .text
_delay                              000086f1   defined in Debug\main.o section .text
_display_carros_atualizado          00000027   defined in Debug\main.o section .bsct, initialized
_display_vagas_atualizado           00000028   defined in Debug\main.o section .bsct, initialized
_eeprom                             00000019   defined in Debug\main.o section .bsct, initialized
_exit                               000081ac   defined in C:\Program Files (x86)\COSMIC\FSE_Compilers\CXSTM8\Lib\crtsi0.sm8 section .text
_grava_eeprom                       00008862   defined in Debug\main.o section .text
_incrementa_buzzer                  0000877a   defined in Debug\main.o section .text
_ioInit                             00008a5a   defined in Debug\main.o section .text
_last_bt_confirma                   00000026   defined in Debug\main.o section .bsct, initialized
_last_bt_decremento                 00000024   defined in Debug\main.o section .bsct, initialized
_last_bt_incremento                 00000022   defined in Debug\main.o section .bsct, initialized
_last_sensor_entrada                0000001e   defined in Debug\main.o section .bsct, initialized
_last_sensor_saida                  00000020   defined in Debug\main.o section .bsct, initialized
_lcdInit                            00008af4   defined in Debug\main.o section .text
_lcd_clear                          00008b8a   defined in Debug\main.o section .text
_lcd_set_line                       00008b5c   defined in Debug\main.o section .text
_lcd_write                          00008b90   defined in Debug\main.o section .text
_lcd_write_nibble                   00008bb8   defined in Debug\main.o section .text
_lcd_write_string                   00008bf2   defined in Debug\main.o section .text
_main                               00008623   defined in Debug\main.o section .text
                                               used in C:\Program Files (x86)\COSMIC\FSE_Compilers\CXSTM8\Lib\crtsi0.sm8
_mensagem_inicial_lcd               0000893a   defined in Debug\main.o section .text
_modo_operacao                      00000004   defined in Debug\main.o section .bsct, initialized
_n                                  00000005   defined in Debug\main.o section .bsct, initialized
_ponteiro                           ********   *** removed from Debug\stms8s_analog.o ***
_putchar                            00009281   defined in (C:\Program Files (x86)\COSMIC\FSE_Compilers\CXSTM8\Lib\libis0.sm8)putchr.o section .text
                                               used in (C:\Program Files (x86)\COSMIC\FSE_Compilers\CXSTM8\Lib\libis0.sm8)cprint.o
_quantidade_vagas                   00000002   defined in Debug\main.o section .bsct, initialized
_sample                             ********   *** removed from Debug\stms8s_analog.o ***
_sensor_entrada                     0000001d   defined in Debug\main.o section .bsct, initialized
_sensor_saida                       0000001f   defined in Debug\main.o section .bsct, initialized
_sinalizacao_buzzer                 0000878c   defined in Debug\main.o section .text
_sprintf                            00008c0d   defined in (C:\Program Files (x86)\COSMIC\FSE_Compilers\CXSTM8\Lib\libis0.sm8)sprnt.o section .text
                                               used in Debug\main.o
_strlen                             00009284   defined in (C:\Program Files (x86)\COSMIC\FSE_Compilers\CXSTM8\Lib\libis0.sm8)strlen0.o section .text
                                               used in (C:\Program Files (x86)\COSMIC\FSE_Compilers\CXSTM8\Lib\libis0.sm8)cprint.o
_table                              ********   *** removed from Debug\stms8s_analog.o ***
_tempo_buzzer_decremento            00000017   defined in Debug\main.o section .bsct, initialized
_tempo_buzzer_incremento            00000015   defined in Debug\main.o section .bsct, initialized
_timerInit                          00008adf   defined in Debug\main.o section .text
_toupper                            00009290   defined in (C:\Program Files (x86)\COSMIC\FSE_Compilers\CXSTM8\Lib\libis0.sm8)toup0.o section .text
                                               used in (C:\Program Files (x86)\COSMIC\FSE_Compilers\CXSTM8\Lib\libis0.sm8)cprint.o
c_bmulx                             0000929b   defined in (C:\Program Files (x86)\COSMIC\FSE_Compilers\CXSTM8\Lib\libm0.sm8)bmulx.o section .text
                                               used in (C:\Program Files (x86)\COSMIC\FSE_Compilers\CXSTM8\Lib\libis0.sm8)cprint.o
c_cmulx                             000092a9   defined in (C:\Program Files (x86)\COSMIC\FSE_Compilers\CXSTM8\Lib\libm0.sm8)cmulx.o section .text
                                               used in Debug\stm8s_flash.o
c_divsl                             000092bd   defined in (C:\Program Files (x86)\COSMIC\FSE_Compilers\CXSTM8\Lib\libm0.sm8)ldiv.o section .text
                                               *** not used ***
c_divul                             000092d4   defined in (C:\Program Files (x86)\COSMIC\FSE_Compilers\CXSTM8\Lib\libm0.sm8)ldiv.o section .text
                                               used in (C:\Program Files (x86)\COSMIC\FSE_Compilers\CXSTM8\Lib\libis0.sm8)ildiv0.o
                                                       (C:\Program Files (x86)\COSMIC\FSE_Compilers\CXSTM8\Lib\libm0.sm8)ludiv.o
c_imul                              ********   *** removed from (C:\Program Files (x86)\COSMIC\FSE_Compilers\CXSTM8\Lib\libm0.sm8)imul.o ***
c_ladd                              000093a8   defined in (C:\Program Files (x86)\COSMIC\FSE_Compilers\CXSTM8\Lib\libm0.sm8)ladd.o section .text
                                               used in Debug\stm8s_flash.o
c_lcmp                              000093c0   defined in (C:\Program Files (x86)\COSMIC\FSE_Compilers\CXSTM8\Lib\libm0.sm8)lcmp.o section .text
                                               used in Debug\main.o
c_lgadc                             000093e0   defined in (C:\Program Files (x86)\COSMIC\FSE_Compilers\CXSTM8\Lib\libm0.sm8)lgadc.o section .text
                                               used in Debug\main.o
c_lgadd                             000093f0   defined in (C:\Program Files (x86)\COSMIC\FSE_Compilers\CXSTM8\Lib\libm0.sm8)lgadd.o section .text
                                               used in Debug\stm8s_flash.o
c_lgneg                             00009407   defined in (C:\Program Files (x86)\COSMIC\FSE_Compilers\CXSTM8\Lib\libm0.sm8)lgneg.o section .text
                                               used in (C:\Program Files (x86)\COSMIC\FSE_Compilers\CXSTM8\Lib\libm0.sm8)ldiv.o
c_lgsbc                             0000941a   defined in (C:\Program Files (x86)\COSMIC\FSE_Compilers\CXSTM8\Lib\libm0.sm8)lgsbc.o section .text
                                               used in Debug\stm8s_flash.o
c_lneg                              00009430   defined in (C:\Program Files (x86)\COSMIC\FSE_Compilers\CXSTM8\Lib\libm0.sm8)lneg.o section .text
                                               used in (C:\Program Files (x86)\COSMIC\FSE_Compilers\CXSTM8\Lib\libis0.sm8)itob.o
                                                       (C:\Program Files (x86)\COSMIC\FSE_Compilers\CXSTM8\Lib\libm0.sm8)ldiv.o
c_lreg                              00000031   defined in (C:\Program Files (x86)\COSMIC\FSE_Compilers\CXSTM8\Lib\libm0.sm8)lreg.o section .ubsct
                                               used in Debug\stm8s_flash.o
                                                       Debug\stms8s_analog.o
                                                       Debug\stm8s_awu.o
                                                       Debug\stm8s_clk.o
                                                       Debug\main.o
                                                       (C:\Program Files (x86)\COSMIC\FSE_Compilers\CXSTM8\Lib\libis0.sm8)cprint.o
                                                       (C:\Program Files (x86)\COSMIC\FSE_Compilers\CXSTM8\Lib\libm0.sm8)cmulx.o
                                                       (C:\Program Files (x86)\COSMIC\FSE_Compilers\CXSTM8\Lib\libm0.sm8)ldiv.o
                                                       (C:\Program Files (x86)\COSMIC\FSE_Compilers\CXSTM8\Lib\libm0.sm8)ladd.o
                                                       (C:\Program Files (x86)\COSMIC\FSE_Compilers\CXSTM8\Lib\libm0.sm8)lcmp.o
                                                       (C:\Program Files (x86)\COSMIC\FSE_Compilers\CXSTM8\Lib\libm0.sm8)lgadd.o
                                                       (C:\Program Files (x86)\COSMIC\FSE_Compilers\CXSTM8\Lib\libm0.sm8)lneg.o
                                                       (C:\Program Files (x86)\COSMIC\FSE_Compilers\CXSTM8\Lib\libm0.sm8)lsbc.o
                                                       (C:\Program Files (x86)\COSMIC\FSE_Compilers\CXSTM8\Lib\libm0.sm8)ltor.o
                                                       (C:\Program Files (x86)\COSMIC\FSE_Compilers\CXSTM8\Lib\libm0.sm8)rtol.o
                                                       (C:\Program Files (x86)\COSMIC\FSE_Compilers\CXSTM8\Lib\libm0.sm8)utolx.o
                                                       (C:\Program Files (x86)\COSMIC\FSE_Compilers\CXSTM8\Lib\libm0.sm8)umul.o
c_lsbc                              00009445   defined in (C:\Program Files (x86)\COSMIC\FSE_Compilers\CXSTM8\Lib\libm0.sm8)lsbc.o section .text
                                               used in Debug\main.o
c_ltor                              0000945c   defined in (C:\Program Files (x86)\COSMIC\FSE_Compilers\CXSTM8\Lib\libm0.sm8)ltor.o section .text
                                               used in Debug\stm8s_flash.o
                                                       Debug\stm8s_awu.o
                                                       Debug\stm8s_clk.o
                                                       Debug\main.o
                                                       (C:\Program Files (x86)\COSMIC\FSE_Compilers\CXSTM8\Lib\libis0.sm8)itob.o
                                                       (C:\Program Files (x86)\COSMIC\FSE_Compilers\CXSTM8\Lib\libis0.sm8)ildiv0.o
c_ludv                              ********   *** removed from (C:\Program Files (x86)\COSMIC\FSE_Compilers\CXSTM8\Lib\libm0.sm8)ludiv.o ***
c_lzmp                              0000946e   defined in (C:\Program Files (x86)\COSMIC\FSE_Compilers\CXSTM8\Lib\libm0.sm8)lzmp.o section .text
                                               used in Debug\stm8s_flash.o
                                                       (C:\Program Files (x86)\COSMIC\FSE_Compilers\CXSTM8\Lib\libis0.sm8)itob.o
c_rtol                              00009481   defined in (C:\Program Files (x86)\COSMIC\FSE_Compilers\CXSTM8\Lib\libm0.sm8)rtol.o section .text
                                               used in Debug\stm8s_flash.o
                                                       Debug\stm8s_clk.o
                                                       (C:\Program Files (x86)\COSMIC\FSE_Compilers\CXSTM8\Lib\libis0.sm8)cprint.o
                                                       (C:\Program Files (x86)\COSMIC\FSE_Compilers\CXSTM8\Lib\libis0.sm8)itob.o
                                                       (C:\Program Files (x86)\COSMIC\FSE_Compilers\CXSTM8\Lib\libis0.sm8)ildiv0.o
c_uitolx                            00009493   defined in (C:\Program Files (x86)\COSMIC\FSE_Compilers\CXSTM8\Lib\libm0.sm8)utolx.o section .text
                                               used in Debug\main.o
c_umul                              0000949a   defined in (C:\Program Files (x86)\COSMIC\FSE_Compilers\CXSTM8\Lib\libm0.sm8)umul.o section .text
                                               used in Debug\stm8s_flash.o
                                                       Debug\stms8s_analog.o
c_x                                 00000035   defined in (C:\Program Files (x86)\COSMIC\FSE_Compilers\CXSTM8\Lib\libm0.sm8)xreg.o section .ubsct
                                               used in C:\Program Files (x86)\COSMIC\FSE_Compilers\CXSTM8\Lib\crtsi0.sm8
                                                       Debug\stm8s_awu.o
                                                       Debug\stm8s_it.o
                                                       (C:\Program Files (x86)\COSMIC\FSE_Compilers\CXSTM8\Lib\libis0.sm8)strlen0.o
                                                       (C:\Program Files (x86)\COSMIC\FSE_Compilers\CXSTM8\Lib\libm0.sm8)bmulx.o
                                                       (C:\Program Files (x86)\COSMIC\FSE_Compilers\CXSTM8\Lib\libm0.sm8)ldiv.o
                                                       (C:\Program Files (x86)\COSMIC\FSE_Compilers\CXSTM8\Lib\libm0.sm8)imul.o
                                                       (C:\Program Files (x86)\COSMIC\FSE_Compilers\CXSTM8\Lib\libm0.sm8)umul.o
c_y                                 00000038   defined in (C:\Program Files (x86)\COSMIC\FSE_Compilers\CXSTM8\Lib\libm0.sm8)yreg.o section .ubsct
                                               used in C:\Program Files (x86)\COSMIC\FSE_Compilers\CXSTM8\Lib\crtsi0.sm8
                                                       Debug\stm8s_it.o
                                                       (C:\Program Files (x86)\COSMIC\FSE_Compilers\CXSTM8\Lib\libm0.sm8)umul.o
f_ADC1_IRQHandler                   000084ee   defined in Debug\stm8s_it.o section .text
                                               used in Debug\stm8_interrupt_vector.o
f_AWU_IRQHandler                    000084df   defined in Debug\stm8s_it.o section .text
                                               used in Debug\stm8_interrupt_vector.o
f_CLK_IRQHandler                    000084e0   defined in Debug\stm8s_it.o section .text
                                               used in Debug\stm8_interrupt_vector.o
f_EEPROM_EEC_IRQHandler             00008544   defined in Debug\stm8s_it.o section .text
                                               used in Debug\stm8_interrupt_vector.o
f_EXTI_PORTA_IRQHandler             000084e1   defined in Debug\stm8s_it.o section .text
                                               used in Debug\stm8_interrupt_vector.o
f_EXTI_PORTB_IRQHandler             000084e2   defined in Debug\stm8s_it.o section .text
                                               used in Debug\stm8_interrupt_vector.o
f_EXTI_PORTC_IRQHandler             000084e3   defined in Debug\stm8s_it.o section .text
                                               used in Debug\stm8_interrupt_vector.o
f_EXTI_PORTD_IRQHandler             000084e4   defined in Debug\stm8s_it.o section .text
                                               used in Debug\stm8_interrupt_vector.o
f_EXTI_PORTE_IRQHandler             000084e5   defined in Debug\stm8s_it.o section .text
                                               used in Debug\stm8_interrupt_vector.o
f_I2C_IRQHandler                    000084ed   defined in Debug\stm8s_it.o section .text
                                               used in Debug\stm8_interrupt_vector.o
f_NonHandledInterrupt               000084dc   defined in Debug\stm8s_it.o section .text
                                               used in Debug\stm8_interrupt_vector.o
f_SPI_IRQHandler                    000084e6   defined in Debug\stm8s_it.o section .text
                                               used in Debug\stm8_interrupt_vector.o
f_TIM1_CAP_COM_IRQHandler           000084e8   defined in Debug\stm8s_it.o section .text
                                               used in Debug\stm8_interrupt_vector.o
f_TIM1_UPD_OVF_TRG_BRK_IRQHandler   000084e7   defined in Debug\stm8s_it.o section .text
                                               used in Debug\stm8_interrupt_vector.o
f_TIM2_CAP_COM_IRQHandler           000084ea   defined in Debug\stm8s_it.o section .text
                                               used in Debug\stm8_interrupt_vector.o
f_TIM2_UPD_OVF_BRK_IRQHandler       000084e9   defined in Debug\stm8s_it.o section .text
                                               used in Debug\stm8_interrupt_vector.o
f_TIM4_UPD_OVF_IRQHandler           000084ef   defined in Debug\stm8s_it.o section .text
                                               used in Debug\stm8_interrupt_vector.o
f_TLI_IRQHandler                    000084de   defined in Debug\stm8s_it.o section .text
                                               used in Debug\stm8_interrupt_vector.o
f_TRAP_IRQHandler                   000084dd   defined in Debug\stm8s_it.o section .text
                                               used in Debug\stm8_interrupt_vector.o
f_UART1_RX_IRQHandler               000084ec   defined in Debug\stm8s_it.o section .text
                                               used in Debug\stm8_interrupt_vector.o
f_UART1_TX_IRQHandler               000084eb   defined in Debug\stm8s_it.o section .text
                                               used in Debug\stm8_interrupt_vector.o
